
> mystery-message@0.1.0 build
> next build

   Γû▓ Next.js 14.0.4
   - Environments: .env

   Creating an optimized production build ...
 Γ£ô Compiled successfully
   Linting and checking validity of types ...
   Collecting page data ...
node.exe :  ΓÜá Using edge runtime on a page currently disables static 
generation for that page
At C:\Program Files\nodejs\npm.ps1:29 char:3
+   & $NODE_EXE $NPM_CLI_JS $args
+   ~~~~~~~~~~~~~~~~~~~~~~~~~~~~~
    + CategoryInfo          : NotSpecified: ( ΓÜá Using edge...n for that page: 
   String) [], RemoteException
    + FullyQualifiedErrorId : NativeCommandError
 
(node:26692) [DEP0040] DeprecationWarning: The `punycode` module is deprecated. 
Please use a userland alternative instead.
(Use `node --trace-deprecation ...` to show where the warning was created)
(node:21656) [DEP0040] DeprecationWarning: The `punycode` module is deprecated. 
Please use a userland alternative instead.
(Use `node --trace-deprecation ...` to show where the warning was created)
(node:21528) [DEP0040] DeprecationWarning: The `punycode` module is deprecated. 
Please use a userland alternative instead.
(Use `node --trace-deprecation ...` to show where the warning was created)
(node:13348) [DEP0040] DeprecationWarning: The `punycode` module is deprecated. 
Please use a userland alternative instead.
(Use `node --trace-deprecation ...` to show where the warning was created)
(node:35152) [DEP0040] DeprecationWarning: The `punycode` module is deprecated. 
Please use a userland alternative instead.
(Use `node --trace-deprecation ...` to show where the warning was created)
(node:32100) [DEP0040] DeprecationWarning: The `punycode` module is deprecated. 
Please use a userland alternative instead.
(Use `node --trace-deprecation ...` to show where the warning was created)
(node:14256) [DEP0040] DeprecationWarning: The `punycode` module is deprecated. 
Please use a userland alternative instead.
(Use `node --trace-deprecation ...` to show where the warning was created)
(node:3048) [DEP0040] DeprecationWarning: The `punycode` module is deprecated. 
Please use a userland alternative instead.
(Use `node --trace-deprecation ...` to show where the warning was created)
   Generating static pages (0/14) ...

   Generating static pages (3/14) 

   Generating static pages (6/14) 

   Generating static pages (10/14) 
Database connection failed: MongoServerError: bad auth : authentication failed
    at Connection.onMessage (C:\Users\abbas\OneDrive\Desktop\ananymous.me\node_m
odules\mongodb\lib\cmap\connection.js:202:26)
    at MessageStream.<anonymous> (C:\Users\abbas\OneDrive\Desktop\ananymous.me\n
ode_modules\mongodb\lib\cmap\connection.js:61:60)
    at MessageStream.emit (node:events:524:28)
    at processIncomingData (C:\Users\abbas\OneDrive\Desktop\ananymous.me\node_mo
dules\mongodb\lib\cmap\message_stream.js:124:16)
    at MessageStream._write (C:\Users\abbas\OneDrive\Desktop\ananymous.me\node_m
odules\mongodb\lib\cmap\message_stream.js:33:9)
    at writeOrBuffer (node:internal/streams/writable:572:12)
    at _write (node:internal/streams/writable:501:10)
    at Writable.write (node:internal/streams/writable:510:10)
    at TLSSocket.ondata (node:internal/streams/readable:1009:22)
    at TLSSocket.emit (node:events:524:28) {
  ok: 0,
  code: 8000,
  codeName: 'AtlasError',
  connectionGeneration: 0,
  [Symbol(errorLabels)]: Set(2) { 'HandshakeError', 'ResetPool' }
}
 Γ¿» Static worker exited with code: 1 and signal: null
Database connection failed: MongoServerError: bad auth : authentication failed
    at Connection.onMessage (C:\Users\abbas\OneDrive\Desktop\ananymous.me\node_m
odules\mongodb\lib\cmap\connection.js:202:26)
    at MessageStream.<anonymous> (C:\Users\abbas\OneDrive\Desktop\ananymous.me\n
ode_modules\mongodb\lib\cmap\connection.js:61:60)
    at MessageStream.emit (node:events:524:28)
    at processIncomingData (C:\Users\abbas\OneDrive\Desktop\ananymous.me\node_mo
dules\mongodb\lib\cmap\message_stream.js:124:16)
    at MessageStream._write (C:\Users\abbas\OneDrive\Desktop\ananymous.me\node_m
odules\mongodb\lib\cmap\message_stream.js:33:9)
    at writeOrBuffer (node:internal/streams/writable:572:12)
    at _write (node:internal/streams/writable:501:10)
    at Writable.write (node:internal/streams/writable:510:10)
    at TLSSocket.ondata (node:internal/streams/readable:1009:22)
    at TLSSocket.emit (node:events:524:28) {
  ok: 0,
  code: 8000,
  codeName: 'AtlasError',
  connectionGeneration: 0,
  [Symbol(errorLabels)]: Set(2) { 'HandshakeError', 'ResetPool' }
}
 Γ¿» Static worker exited with code: 1 and signal: null
(node:27272) [DEP0040] DeprecationWarning: The `punycode` module is deprecated. 
Please use a userland alternative instead.
(Use `node --trace-deprecation ...` to show where the warning was created)
(node:19380) [DEP0040] DeprecationWarning: The `punycode` module is deprecated. 
Please use a userland alternative instead.
(Use `node --trace-deprecation ...` to show where the warning was created)
Database connection failed: MongoServerError: bad auth : authentication failed
    at Connection.onMessage (C:\Users\abbas\OneDrive\Desktop\ananymous.me\node_m
odules\mongodb\lib\cmap\connection.js:202:26)
    at MessageStream.<anonymous> (C:\Users\abbas\OneDrive\Desktop\ananymous.me\n
ode_modules\mongodb\lib\cmap\connection.js:61:60)
    at MessageStream.emit (node:events:524:28)
    at processIncomingData (C:\Users\abbas\OneDrive\Desktop\ananymous.me\node_mo
dules\mongodb\lib\cmap\message_stream.js:124:16)
    at MessageStream._write (C:\Users\abbas\OneDrive\Desktop\ananymous.me\node_m
odules\mongodb\lib\cmap\message_stream.js:33:9)
    at writeOrBuffer (node:internal/streams/writable:572:12)
    at _write (node:internal/streams/writable:501:10)
    at Writable.write (node:internal/streams/writable:510:10)
    at TLSSocket.ondata (node:internal/streams/readable:1009:22)
    at TLSSocket.emit (node:events:524:28) {
  ok: 0,
  code: 8000,
  codeName: 'AtlasError',
  connectionGeneration: 0,
  [Symbol(errorLabels)]: Set(2) { 'HandshakeError', 'ResetPool' }
}
Database connection failed: MongoServerError: bad auth : authentication failed
    at Connection.onMessage (C:\Users\abbas\OneDrive\Desktop\ananymous.me\node_m
odules\mongodb\lib\cmap\connection.js:202:26)
    at MessageStream.<anonymous> (C:\Users\abbas\OneDrive\Desktop\ananymous.me\n
ode_modules\mongodb\lib\cmap\connection.js:61:60)
    at MessageStream.emit (node:events:524:28)
    at processIncomingData (C:\Users\abbas\OneDrive\Desktop\ananymous.me\node_mo
dules\mongodb\lib\cmap\message_stream.js:124:16)
    at MessageStream._write (C:\Users\abbas\OneDrive\Desktop\ananymous.me\node_m
odules\mongodb\lib\cmap\message_stream.js:33:9)
    at writeOrBuffer (node:internal/streams/writable:572:12)
    at _write (node:internal/streams/writable:501:10)
    at Writable.write (node:internal/streams/writable:510:10)
    at TLSSocket.ondata (node:internal/streams/readable:1009:22)
    at TLSSocket.emit (node:events:524:28) {
  ok: 0,
  code: 8000,
  codeName: 'AtlasError',
  connectionGeneration: 0,
  [Symbol(errorLabels)]: Set(2) { 'HandshakeError', 'ResetPool' }
}
(node:33104) [DEP0040] DeprecationWarning: The `punycode` module is deprecated. 
Please use a userland alternative instead.
(Use `node --trace-deprecation ...` to show where the warning was created)
(node:20596) [DEP0040] DeprecationWarning: The `punycode` module is deprecated. 
Please use a userland alternative instead.
(Use `node --trace-deprecation ...` to show where the warning was created)
Database connection failed: MongoServerError: bad auth : authentication failed
    at Connection.onMessage (C:\Users\abbas\OneDrive\Desktop\ananymous.me\node_m
odules\mongodb\lib\cmap\connection.js:202:26)
    at MessageStream.<anonymous> (C:\Users\abbas\OneDrive\Desktop\ananymous.me\n
ode_modules\mongodb\lib\cmap\connection.js:61:60)
    at MessageStream.emit (node:events:524:28)
    at processIncomingData (C:\Users\abbas\OneDrive\Desktop\ananymous.me\node_mo
dules\mongodb\lib\cmap\message_stream.js:124:16)
    at MessageStream._write (C:\Users\abbas\OneDrive\Desktop\ananymous.me\node_m
odules\mongodb\lib\cmap\message_stream.js:33:9)
    at writeOrBuffer (node:internal/streams/writable:572:12)
    at _write (node:internal/streams/writable:501:10)
    at Writable.write (node:internal/streams/writable:510:10)
    at TLSSocket.ondata (node:internal/streams/readable:1009:22)
    at TLSSocket.emit (node:events:524:28) {
  ok: 0,
  code: 8000,
  codeName: 'AtlasError',
  connectionGeneration: 0,
  [Symbol(errorLabels)]: Set(2) { 'HandshakeError', 'ResetPool' }
}
Database connection failed: MongoServerError: bad auth : authentication failed
    at Connection.onMessage (C:\Users\abbas\OneDrive\Desktop\ananymous.me\node_m
odules\mongodb\lib\cmap\connection.js:202:26)
    at MessageStream.<anonymous> (C:\Users\abbas\OneDrive\Desktop\ananymous.me\n
ode_modules\mongodb\lib\cmap\connection.js:61:60)
    at MessageStream.emit (node:events:524:28)
    at processIncomingData (C:\Users\abbas\OneDrive\Desktop\ananymous.me\node_mo
dules\mongodb\lib\cmap\message_stream.js:124:16)
    at MessageStream._write (C:\Users\abbas\OneDrive\Desktop\ananymous.me\node_m
odules\mongodb\lib\cmap\message_stream.js:33:9)
    at writeOrBuffer (node:internal/streams/writable:572:12)
    at _write (node:internal/streams/writable:501:10)
    at Writable.write (node:internal/streams/writable:510:10)
    at TLSSocket.ondata (node:internal/streams/readable:1009:22)
    at TLSSocket.emit (node:events:524:28) {
  ok: 0,
  code: 8000,
  codeName: 'AtlasError',
  connectionGeneration: 0,
  [Symbol(errorLabels)]: Set(2) { 'HandshakeError', 'ResetPool' }
}
